slurmstepd: info: Setting TMPDIR to /scratch/14327056. Previous errors about TMPDIR can be discarded
cesga/2020 unloaded
        Preparing the environment for use of the CESGA 2020 software stack.
        Please rebuild modules cache: module --ignore-cache avail
     
cesga/2020 loaded
python/3.9.9 loaded
jupyter-server/1.13.5-python-3.9.9 loaded
jupyterlab/3.2.4-python-3.9.9 loaded
Architecture:                    x86_64
CPU op-mode(s):                  32-bit, 64-bit
Byte Order:                      Little Endian
Address sizes:                   46 bits physical, 57 bits virtual
CPU(s):                          64
On-line CPU(s) list:             0-63
Thread(s) per core:              1
Core(s) per socket:              32
Socket(s):                       2
NUMA node(s):                    4
Vendor ID:                       GenuineIntel
CPU family:                      6
Model:                           106
Model name:                      Intel(R) Xeon(R) Platinum 8352Y CPU @ 2.20GHz
Stepping:                        6
CPU MHz:                         2799.998
CPU max MHz:                     3400.0000
CPU min MHz:                     800.0000
BogoMIPS:                        4400.00
Virtualization:                  VT-x
L1d cache:                       3 MiB
L1i cache:                       2 MiB
L2 cache:                        80 MiB
L3 cache:                        96 MiB
NUMA node0 CPU(s):               0-15
NUMA node1 CPU(s):               16-31
NUMA node2 CPU(s):               32-47
NUMA node3 CPU(s):               48-63
Vulnerability Itlb multihit:     Not affected
Vulnerability L1tf:              Not affected
Vulnerability Mds:               Not affected
Vulnerability Meltdown:          Not affected
Vulnerability Spec store bypass: Mitigation; Speculative Store Bypass disabled via prctl and seccomp
Vulnerability Spectre v1:        Mitigation; usercopy/swapgs barriers and __user pointer sanitization
Vulnerability Spectre v2:        Mitigation; Enhanced IBRS, IBPB conditional, RSB filling
Vulnerability Srbds:             Not affected
Vulnerability Tsx async abort:   Not affected
Flags:                           fpu vme de pse tsc msr pae mce cx8 apic sep mtrr pge mca cmov pat pse36 clflush dts acpi mmx fxsr sse sse2 ss ht tm pbe syscall nx pdpe1gb rdtscp lm constant_tsc art arch_perfmon pebs bts rep_good nopl xtopology nonstop_tsc cpuid aperfmperf pni pclmulqdq dtes64 monitor ds_cpl vmx smx est tm2 ssse3 sdbg fma cx16 xtpr pdcm pcid dca sse4_1 sse4_2 x2apic movbe popcnt tsc_deadline_timer aes xsave avx f16c rdrand lahf_lm abm 3dnowprefetch cpuid_fault epb cat_l3 invpcid_single intel_ppin ssbd mba ibrs ibpb stibp ibrs_enhanced tpr_shadow vnmi flexpriority ept vpid ept_ad fsgsbase tsc_adjust bmi1 hle avx2 smep bmi2 erms invpcid cqm rdt_a avx512f avx512dq rdseed adx smap avx512ifma clflushopt clwb intel_pt avx512cd sha_ni avx512bw avx512vl xsaveopt xsavec xgetbv1 xsaves cqm_llc cqm_occup_llc cqm_mbm_total cqm_mbm_local split_lock_detect wbnoinvd dtherm ida arat pln pts hwp hwp_act_window hwp_epp hwp_pkg_req avx512vbmi umip pku ospke avx512_vbmi2 gfni vaes vpclmulqdq avx512_vnni avx512_bitalg tme avx512_vpopcntdq la57 rdpid fsrm md_clear pconfig flush_l1d arch_capabilities
Percentage of tasks completed::   0%|          | 0/80 [00:00<?, ?it/s][Parallel(n_jobs=-1)]: Using backend LokyBackend with 32 concurrent workers.
WARNING: Maximum number of iterations 32 reached. The mean may be inaccurate
Percentage of tasks completed::   1%|▏         | 1/80 [10:23<13:40:51, 623.43s/it]Percentage of tasks completed::   2%|▎         | 2/80 [10:36<5:43:33, 264.28s/it] Percentage of tasks completed::   4%|▍         | 3/80 [10:37<3:04:52, 144.06s/it]Percentage of tasks completed::   5%|▌         | 4/80 [10:53<1:58:42, 93.72s/it] Percentage of tasks completed::   6%|▋         | 5/80 [11:16<1:24:58, 67.98s/it]WARNING: Maximum number of iterations 32 reached. The mean may be inaccurate
Percentage of tasks completed::   8%|▊         | 6/80 [11:20<56:56, 46.18s/it]  Percentage of tasks completed::   9%|▉         | 7/80 [11:20<37:55, 31.17s/it]Percentage of tasks completed::  10%|█         | 8/80 [11:48<36:17, 30.24s/it]WARNING: Maximum number of iterations 32 reached. The mean may be inaccurate
WARNING: Maximum number of iterations 32 reached. The mean may be inaccurate
Percentage of tasks completed::  11%|█▏        | 9/80 [22:03<4:12:07, 213.07s/it]Percentage of tasks completed::  12%|█▎        | 10/80 [22:58<3:11:46, 164.37s/it]/mnt/netapp2/Store_uni/home/otras/est/dso/pballs/lib/python3.9/site-packages/sklearn/base.py:1152: ConvergenceWarning: Number of distinct clusters (1) found smaller than n_clusters (2). Possibly due to duplicate points in X.
  return fit_method(estimator, *args, **kwargs)
Percentage of tasks completed::  14%|█▍        | 11/80 [24:18<2:39:14, 138.46s/it]Percentage of tasks completed::  15%|█▌        | 12/80 [24:28<1:52:42, 99.45s/it] Percentage of tasks completed::  16%|█▋        | 13/80 [25:00<1:28:04, 78.88s/it]Percentage of tasks completed::  18%|█▊        | 14/80 [25:35<1:12:16, 65.70s/it]Percentage of tasks completed::  19%|█▉        | 15/80 [26:24<1:05:36, 60.56s/it]Percentage of tasks completed::  20%|██        | 16/80 [26:40<50:18, 47.16s/it]  Percentage of tasks completed::  21%|██▏       | 17/80 [26:45<36:13, 34.49s/it]Percentage of tasks completed::  22%|██▎       | 18/80 [26:50<26:23, 25.54s/it]