slurmstepd: info: Setting TMPDIR to /scratch/205489. Previous errors about TMPDIR can be discarded
cesga/2020 unloaded
        Preparing the environment for use of the CESGA 2020 software stack.
        Please rebuild modules cache: module --ignore-cache avail
     
cesga/2020 loaded
python/3.9.9 loaded
jupyter-server/1.13.5-python-3.9.9 loaded
jupyterlab/3.2.4-python-3.9.9 loaded
Architecture:                    x86_64
CPU op-mode(s):                  32-bit, 64-bit
Byte Order:                      Little Endian
Address sizes:                   46 bits physical, 57 bits virtual
CPU(s):                          64
On-line CPU(s) list:             0-63
Thread(s) per core:              1
Core(s) per socket:              32
Socket(s):                       2
NUMA node(s):                    4
Vendor ID:                       GenuineIntel
CPU family:                      6
Model:                           106
Model name:                      Intel(R) Xeon(R) Platinum 8352Y CPU @ 2.20GHz
Stepping:                        6
CPU MHz:                         2800.000
CPU max MHz:                     3400.0000
CPU min MHz:                     800.0000
BogoMIPS:                        4400.00
Virtualization:                  VT-x
L1d cache:                       3 MiB
L1i cache:                       2 MiB
L2 cache:                        80 MiB
L3 cache:                        96 MiB
NUMA node0 CPU(s):               0-15
NUMA node1 CPU(s):               16-31
NUMA node2 CPU(s):               32-47
NUMA node3 CPU(s):               48-63
Vulnerability Itlb multihit:     Not affected
Vulnerability L1tf:              Not affected
Vulnerability Mds:               Not affected
Vulnerability Meltdown:          Not affected
Vulnerability Spec store bypass: Mitigation; Speculative Store Bypass disabled via prctl and seccomp
Vulnerability Spectre v1:        Mitigation; usercopy/swapgs barriers and __user pointer sanitization
Vulnerability Spectre v2:        Mitigation; Enhanced IBRS, IBPB conditional, RSB filling
Vulnerability Srbds:             Not affected
Vulnerability Tsx async abort:   Not affected
Flags:                           fpu vme de pse tsc msr pae mce cx8 apic sep mtrr pge mca cmov pat pse36 clflush dts acpi mmx fxsr sse sse2 ss ht tm pbe syscall nx pdpe1gb rdtscp lm constant_tsc art arch_perfmon pebs bts rep_good nopl xtopology nonstop_tsc cpuid aperfmperf pni pclmulqdq dtes64 monitor ds_cpl vmx smx est tm2 ssse3 sdbg fma cx16 xtpr pdcm pcid dca sse4_1 sse4_2 x2apic movbe popcnt tsc_deadline_timer aes xsave avx f16c rdrand lahf_lm abm 3dnowprefetch cpuid_fault epb cat_l3 invpcid_single intel_ppin ssbd mba ibrs ibpb stibp ibrs_enhanced tpr_shadow vnmi flexpriority ept vpid ept_ad fsgsbase tsc_adjust bmi1 hle avx2 smep bmi2 erms invpcid cqm rdt_a avx512f avx512dq rdseed adx smap avx512ifma clflushopt clwb intel_pt avx512cd sha_ni avx512bw avx512vl xsaveopt xsavec xgetbv1 xsaves cqm_llc cqm_occup_llc cqm_mbm_total cqm_mbm_local split_lock_detect wbnoinvd dtherm ida arat pln pts hwp hwp_act_window hwp_epp hwp_pkg_req avx512vbmi umip pku ospke avx512_vbmi2 gfni vaes vpclmulqdq avx512_vnni avx512_bitalg tme avx512_vpopcntdq la57 rdpid fsrm md_clear pconfig flush_l1d arch_capabilities
Percentage of tasks completed::   0%|          | 0/80 [00:00<?, ?it/s][Parallel(n_jobs=-1)]: Using backend LokyBackend with 32 concurrent workers.
WARNING: Maximum number of iterations 32 reached. The mean may be inaccurate
WARNING: Maximum number of iterations 32 reached. The mean may be inaccurate
Percentage of tasks completed::   1%|▏         | 1/80 [10:26<13:45:12, 626.75s/it]Percentage of tasks completed::  80%|████████  | 64/80 [10:28<02:37,  9.82s/it]   
joblib.externals.loky.process_executor._RemoteTraceback: 
"""
Traceback (most recent call last):
  File "/mnt/netapp2/Store_uni/home/otras/est/dso/pballs/lib/python3.9/site-packages/joblib/externals/loky/process_executor.py", line 463, in _process_worker
    r = call_item()
  File "/mnt/netapp2/Store_uni/home/otras/est/dso/pballs/lib/python3.9/site-packages/joblib/externals/loky/process_executor.py", line 291, in __call__
    return self.fn(*self.args, **self.kwargs)
  File "/mnt/netapp2/Store_uni/home/otras/est/dso/pballs/lib/python3.9/site-packages/joblib/parallel.py", line 598, in __call__
    return [func(*args, **kwargs)
  File "/mnt/netapp2/Store_uni/home/otras/est/dso/pballs/lib/python3.9/site-packages/joblib/parallel.py", line 598, in <listcomp>
    return [func(*args, **kwargs)
  File "/mnt/netapp2/Store_uni/home/otras/est/dso/min_pyfrechet/simulations_SPD/ALL_main_parallel_unif.py", line 174, in task
    with open(os.path.join(os.getcwd(), 'simulations_SPD', 'type_iii_data_unif', type_iii_filename), 'rb') as f:
FileNotFoundError: [Errno 2] No such file or directory: '/mnt/netapp2/Store_uni/home/otras/est/dso/min_pyfrechet/simulations_SPD/type_iii_data_unif/SPD_type_iii_N50_df15.pkl'
"""

The above exception was the direct cause of the following exception:

Traceback (most recent call last):
  File "/mnt/netapp2/Store_uni/home/otras/est/dso/min_pyfrechet/simulations_SPD/ALL_main_parallel_unif.py", line 244, in <module>
    Parallel(n_jobs=-1, verbose=2)(delayed(task)(file) for file in file_list)
  File "/mnt/netapp2/Store_uni/home/otras/est/dso/pballs/lib/python3.9/site-packages/joblib/parallel.py", line 2007, in __call__
    return output if self.return_generator else list(output)
  File "/mnt/netapp2/Store_uni/home/otras/est/dso/pballs/lib/python3.9/site-packages/joblib/parallel.py", line 1650, in _get_outputs
    yield from self._retrieve()
  File "/mnt/netapp2/Store_uni/home/otras/est/dso/pballs/lib/python3.9/site-packages/joblib/parallel.py", line 1754, in _retrieve
    self._raise_error_fast()
  File "/mnt/netapp2/Store_uni/home/otras/est/dso/pballs/lib/python3.9/site-packages/joblib/parallel.py", line 1789, in _raise_error_fast
    error_job.get_result(self.timeout)
  File "/mnt/netapp2/Store_uni/home/otras/est/dso/pballs/lib/python3.9/site-packages/joblib/parallel.py", line 745, in get_result
    return self._return_or_raise()
  File "/mnt/netapp2/Store_uni/home/otras/est/dso/pballs/lib/python3.9/site-packages/joblib/parallel.py", line 763, in _return_or_raise
    raise self._result
FileNotFoundError: [Errno 2] No such file or directory: '/mnt/netapp2/Store_uni/home/otras/est/dso/min_pyfrechet/simulations_SPD/type_iii_data_unif/SPD_type_iii_N50_df15.pkl'
/mnt/netapp2/Store_uni/home/otras/est/dso/pballs/lib/python3.9/site-packages/joblib/externals/loky/backend/resource_tracker.py:314: UserWarning: resource_tracker: There appear to be 62 leaked semlock objects to clean up at shutdown
  warnings.warn(
Auto packing the repository in background for optimum performance.
See "git help gc" for manual housekeeping.
[main f1ce3fafdf] Simulations SPD block 44
 3 files changed, 80 insertions(+)
remote: This repository moved. Please use the new location:        
remote:   git@github.com:dieseor/Cluster_min_pyfrechet.git        
To github.com:Diegol314/Cluster_min_pyfrechet.git
   018b35af8c..f1ce3fafdf  main -> main

*****************************************************************************
*                                                                           *
*                    JOB EFFICIENCY REPORT (seff 205489)                   *
*                                                                           *
*****************************************************************************

Job ID: 205489
Cluster: finisterrae3
User/Group: otestdso/otras
State: COMPLETED (exit code 0)
Nodes: 1
Cores per node: 32
CPU Utilized: 04:37:06
CPU Efficiency: 81.05% of 05:41:52 core-walltime
Job Wall-clock time: 00:10:41
Memory Utilized: 5.12 GB
Memory Efficiency: 32.03% of 16.00 GB

 +++++++++++++++++++++++++++++++++++++++++++++++++++++++++++++++++++++++++++
 ++   Memory Efficiency is too small. Please review the requested memory. ++
 ++ It seems that you do not need that much memory so we recommend        ++
 ++ requesting less memory in other similar jobs.                         ++
 +++++++++++++++++++++++++++++++++++++++++++++++++++++++++++++++++++++++++++
 
*****************************************************************************

